// Jest Snapshot v1, https://goo.gl/fbAQLP

exports[`AsyncComponent should match loaded state snapshot 1`] = `
<div>
  <div>
    Loading...
  </div>
</div>
`;

exports[`AsyncComponent should match loading state snapshot 1`] = `
<div>
  <div>
    Loading...
  </div>
</div>
`;
